// Jest Snapshot v1, https://goo.gl/fbAQLP

exports[`MyProfile component test 1`] = `
<section
  className="rocket_page"
/>
`;
